<?php return array (
  0 => 'Symfony\\Bundle\\FrameworkBundle\\Controller\\AbstractController',
  1 => 'App\\Controller\\AboutController',
  2 => 'App\\Controller\\AccessibilityController',
  3 => 'App\\Controller\\Admin\\ColorCrudController',
  4 => 'App\\Controller\\Admin\\DashboardController',
  5 => 'App\\Controller\\Admin\\PaletteCrudController',
  6 => 'App\\Controller\\Admin\\ReferenceColorCrudController',
  7 => 'App\\Controller\\Admin\\TagHumeurCrudController',
  8 => 'App\\Controller\\Admin\\VetementCrudController',
  9 => 'App\\Controller\\ColortestController',
  10 => 'App\\Controller\\DressingController',
  11 => 'App\\Controller\\FormulaireController',
  12 => 'App\\Controller\\HomeController',
  13 => 'App\\Controller\\JoinUsController',
  14 => 'App\\Controller\\LegalController',
  15 => 'App\\Controller\\PrivacyController',
  16 => 'App\\Controller\\RegistrationController',
  17 => 'App\\Controller\\SecurityController',
  18 => 'App\\Controller\\TermsOfUseController',
  19 => 'App\\Controller\\UserController',
  20 => 'App\\Controller\\VetementController',
  21 => 'App\\Entity\\Color',
  22 => 'App\\Entity\\Handicap',
  23 => 'App\\Entity\\Palette',
  24 => 'App\\Entity\\ReferenceColor',
  25 => 'App\\Entity\\TagAmbiance',
  26 => 'App\\Entity\\TagHumeur',
  27 => 'App\\Entity\\User',
  28 => 'App\\Entity\\Vetement',
  29 => 'Doctrine\\Bundle\\DoctrineBundle\\Controller\\ProfilerController',
  30 => 'Doctrine\\ORM\\Cache\\Persister\\Entity\\AbstractEntityPersister',
  31 => 'Doctrine\\ORM\\Cache\\Persister\\Entity\\CachedEntityPersister',
  32 => 'Doctrine\\ORM\\Cache\\Persister\\Entity\\NonStrictReadWriteCachedEntityPersister',
  33 => 'Doctrine\\ORM\\Cache\\Persister\\Entity\\ReadOnlyCachedEntityPersister',
  34 => 'Doctrine\\ORM\\Cache\\Persister\\Entity\\ReadWriteCachedEntityPersister',
  35 => 'Doctrine\\ORM\\Persisters\\Entity\\AbstractEntityInheritancePersister',
  36 => 'Doctrine\\ORM\\Persisters\\Entity\\BasicEntityPersister',
  37 => 'Doctrine\\ORM\\Persisters\\Entity\\CachedPersisterContext',
  38 => 'Doctrine\\ORM\\Persisters\\Entity\\EntityPersister',
  39 => 'Doctrine\\ORM\\Persisters\\Entity\\JoinedSubclassPersister',
  40 => 'Doctrine\\ORM\\Persisters\\Entity\\SingleTablePersister',
  41 => 'EasyCorp\\Bundle\\EasyAdminBundle\\Contracts\\Controller\\CrudControllerInterface',
  42 => 'EasyCorp\\Bundle\\EasyAdminBundle\\Contracts\\Controller\\DashboardControllerInterface',
  43 => 'EasyCorp\\Bundle\\EasyAdminBundle\\Controller\\AbstractCrudController',
  44 => 'EasyCorp\\Bundle\\EasyAdminBundle\\Controller\\AbstractDashboardController',
  46 => 'Symfony\\Bundle\\FrameworkBundle\\Controller\\ControllerResolver',
  47 => 'Symfony\\Bundle\\FrameworkBundle\\Controller\\RedirectController',
  48 => 'Symfony\\Bundle\\FrameworkBundle\\Controller\\TemplateController',
  49 => 'Symfony\\Component\\HttpKernel\\Controller\\ArgumentResolver',
  50 => 'Symfony\\Component\\HttpKernel\\Controller\\ArgumentResolverInterface',
  51 => 'Symfony\\Component\\HttpKernel\\Controller\\ArgumentResolver\\DefaultValueResolver',
  52 => 'Symfony\\Component\\HttpKernel\\Controller\\ArgumentResolver\\NotTaggedControllerValueResolver',
  53 => 'Symfony\\Component\\HttpKernel\\Controller\\ArgumentResolver\\RequestAttributeValueResolver',
  54 => 'Symfony\\Component\\HttpKernel\\Controller\\ArgumentResolver\\RequestValueResolver',
  55 => 'Symfony\\Component\\HttpKernel\\Controller\\ArgumentResolver\\ServiceValueResolver',
  56 => 'Symfony\\Component\\HttpKernel\\Controller\\ArgumentResolver\\SessionValueResolver',
  57 => 'Symfony\\Component\\HttpKernel\\Controller\\ArgumentResolver\\TraceableValueResolver',
  58 => 'Symfony\\Component\\HttpKernel\\Controller\\ArgumentResolver\\VariadicValueResolver',
  59 => 'Symfony\\Component\\HttpKernel\\Controller\\ArgumentValueResolverInterface',
  60 => 'Symfony\\Component\\HttpKernel\\Controller\\ContainerControllerResolver',
  61 => 'Symfony\\Component\\HttpKernel\\Controller\\ControllerReference',
  62 => 'Symfony\\Component\\HttpKernel\\Controller\\ControllerResolver',
  63 => 'Symfony\\Component\\HttpKernel\\Controller\\ControllerResolverInterface',
  64 => 'Symfony\\Component\\HttpKernel\\Controller\\ErrorController',
  65 => 'Symfony\\Component\\HttpKernel\\Controller\\TraceableArgumentResolver',
  66 => 'Symfony\\Component\\HttpKernel\\Controller\\TraceableControllerResolver',
  67 => 'Symfony\\Component\\Security\\Http\\Controller\\UserValueResolver',
);